[     262ms] [ERROR] Failed to load resource: the server responded with a status of 500 (Internal Server Error) @ http://localhost:3008/p/k6SMbFU6ZWY1hNk39zrhxA:0
[    2970ms] Error: Tiptap Error: SSR has been detected, please set `immediatelyRender` explicitly to `false` to avoid hydration mismatches.
    at _EditorInstanceManager.getInitialEditor (http://localhost:3008/_next/static/chunks/node_modules_e4dda93a._.js:8902:27)
    at new _EditorInstanceManager (http://localhost:3008/_next/static/chunks/node_modules_e4dda93a._.js:8883:29)
    at useEditor.useState2 (http://localhost:3008/_next/static/chunks/node_modules_e4dda93a._.js:9097:36)
    at mountStateImpl (http://localhost:3008/_next/static/chunks/node_modules_next_dist_compiled_react-dom_1e674e59._.js:5048:28)
    at mountState (http://localhost:3008/_next/static/chunks/node_modules_next_dist_compiled_react-dom_1e674e59._.js:5069:24)
    at Object.useState (http://localhost:3008/_next/static/chunks/node_modules_next_dist_compiled_react-dom_1e674e59._.js:15030:24)
    at exports.useState (http://localhost:3008/_next/static/chunks/node_modules_next_dist_compiled_a0e4c7b4._.js:1754:36)
    at useEditor (http://localhost:3008/_next/static/chunks/node_modules_e4dda93a._.js:9096:205)
    at PublicNoteViewer (http://localhost:3008/_next/static/chunks/components_PublicNoteViewer_tsx_aca549d4._.js:44:203)
    at Object.react_stack_bottom_frame (http://localhost:3008/_next/static/chunks/node_modules_next_dist_compiled_react-dom_1e674e59._.js:14826:24)
    at renderWithHooks (http://localhost:3008/_next/static/chunks/node_modules_next_dist_compiled_react-dom_1e674e59._.js:4651:24)
    at updateFunctionComponent (http://localhost:3008/_next/static/chunks/node_modules_next_dist_compiled_react-dom_1e674e59._.js:6112:21)
    at beginWork (http://localhost:3008/_next/static/chunks/node_modules_next_dist_compiled_react-dom_1e674e59._.js:6687:639)
    at runWithFiberInDEV (http://localhost:3008/_next/static/chunks/node_modules_next_dist_compiled_react-dom_1e674e59._.js:965:74)
    at performUnitOfWork (http://localhost:3008/_next/static/chunks/node_modules_next_dist_compiled_react-dom_1e674e59._.js:9562:97)
    at workLoopSync (http://localhost:3008/_next/static/chunks/node_modules_next_dist_compiled_react-dom_1e674e59._.js:9456:40)
    at renderRootSync (http://localhost:3008/_next/static/chunks/node_modules_next_dist_compiled_react-dom_1e674e59._.js:9440:13)
    at performWorkOnRoot (http://localhost:3008/_next/static/chunks/node_modules_next_dist_compiled_react-dom_1e674e59._.js:9105:47)
    at performWorkOnRootViaSchedulerTask (http://localhost:3008/_next/static/chunks/node_modules_next_dist_compiled_react-dom_1e674e59._.js:10230:9)
    at MessagePort.performWorkUntilDeadline (http://localhost:3008/_next/static/chunks/node_modules_next_dist_compiled_a0e4c7b4._.js:2647:64)
[    6152ms] [WARNING] The resource http://localhost:3008/_next/static/chunks/app_globals_71f961d1.css was preloaded using link preload but not used within a few seconds from the window's load event. Please make sure it has an appropriate `as` value and it is preloaded intentionally. @ http://localhost:3008/p/k6SMbFU6ZWY1hNk39zrhxA:0
[   29086ms] [WARNING] [Fast Refresh] performing full reload because your application had an unrecoverable error @ http://localhost:3008/_next/static/chunks/node_modules_next_dist_f3530cac._.js:2297
